#
# There is insufficient memory for the Java Runtime Environment to continue.
# Native memory allocation (malloc) failed to allocate 32744 bytes. Error detail: ChunkPool::allocate
# Possible reasons:
#   The system is out of physical RAM or swap space
#   This process is running with CompressedOops enabled, and the Java Heap may be blocking the growth of the native heap
# Possible solutions:
#   Reduce memory load on the system
#   Increase physical memory or swap space
#   Check if swap backing store is full
#   Decrease Java heap size (-Xmx/-Xms)
#   Decrease number of Java threads
#   Decrease Java thread stack sizes (-Xss)
#   Set larger code cache with -XX:ReservedCodeCacheSize=
#   JVM is running with Unscaled Compressed Oops mode in which the Java heap is
#     placed in the first 4GB address space. The Java Heap base address is the
#     maximum limit for the native heap growth. Please use -XX:HeapBaseMinAddress
#     to set the Java Heap base and to place the Java Heap above 4GB virtual address.
# This output file may be truncated or incomplete.
#
#  Out of Memory Error (arena.cpp:79), pid=15008, tid=15508
#
# JRE version: OpenJDK Runtime Environment Temurin-17.0.20+8 (17.0.20+8) (build 17.0.20+8)
# Java VM: OpenJDK 64-Bit Server VM Temurin-17.0.20+8 (17.0.20+8, mixed mode, sharing, tiered, compressed oops, compressed class ptrs, g1 gc, windows-amd64)
# No core dump will be written. Minidumps are not enabled by default on client versions of Windows
#

---------------  S U M M A R Y ------------

Command Line: -Xmx64m -Xms64m -Dorg.gradle.appname=gradlew org.gradle.wrapper.GradleWrapperMain clean assembleDebug --rerun-tasks

Host: 11th Gen Intel(R) Core(TM) i3-1115G4 @ 3.00GHz, 4 cores, 7G,  Windows 11 , 64 bit Build 26100 (10.0.26100.9168)
Time: Mon Aug 17 13:16:15 2026 India Standard Time elapsed time: 24.147245 seconds (0d 0h 0m 24s)

---------------  T H R E A D  ---------------

Current thread (0x00000128295a8730):  JavaThread "main" [_thread_in_vm, id=15508, stack(0x0000001861800000,0x0000001861900000)]

Stack: [0x0000001861800000,0x0000001861900000]
Native frames: (J=compiled Java code, j=interpreted, Vv=VM code, C=native code)
V  [jvm.dll+0x684d39]
V  [jvm.dll+0x83a565]
V  [jvm.dll+0x83bfde]
V  [jvm.dll+0x83c663]
V  [jvm.dll+0x2490cf]
V  [jvm.dll+0xad73e]
V  [jvm.dll+0xadbdc]
V  [jvm.dll+0x82b188]
V  [jvm.dll+0x82ea55]
V  [jvm.dll+0x828541]
V  [jvm.dll+0x375b1b]
V  [jvm.dll+0x374bb4]
V  [jvm.dll+0x374b58]
V  [jvm.dll+0x56a9a5]
V  [jvm.dll+0x56994c]
V  [jvm.dll+0x388aa2]
V  [jvm.dll+0x38814c]
C  0x000001283867a603

The last pc belongs to invokestatic (printed below).
Java frames: (J=compiled Java code, j=interpreted, Vv=VM code)
j  org.gradle.internal.concurrent.ExecutorPolicy$CatchAndRecordFailures.onStop()V+17
j  org.gradle.internal.concurrent.AbstractManagedExecutor.stop(ILjava/util/concurrent/TimeUnit;)V+82
j  org.gradle.internal.concurrent.DefaultExecutorFactory$TrackedManagedExecutor.stop(ILjava/util/concurrent/TimeUnit;)V+3
j  org.gradle.internal.concurrent.AbstractManagedExecutor.stop()V+6
j  org.gradle.launcher.daemon.client.InputForwarder.stop()V+36
j  org.gradle.launcher.daemon.client.DaemonClientInputForwarder.stop()V+4
j  org.gradle.internal.concurrent.CompositeStoppable.stop()V+32
j  org.gradle.launcher.daemon.client.DaemonClient.monitorBuild(Lorg/gradle/launcher/daemon/protocol/Build;Lorg/gradle/launcher/daemon/diagnostics/DaemonDiagnostics;Lorg/gradle/internal/remote/internal/Connection;Lorg/gradle/initialization/BuildCancellationToken;Lorg/gradle/initialization/BuildEventConsumer;)Ljava/lang/Object;+242
j  org.gradle.launcher.daemon.client.DaemonClient.executeBuild(Lorg/gradle/launcher/daemon/protocol/Build;Lorg/gradle/launcher/daemon/client/DaemonClientConnection;Lorg/gradle/initialization/BuildCancellationToken;Lorg/gradle/initialization/BuildEventConsumer;)Lorg/gradle/launcher/exec/BuildActionResult;+128
j  org.gradle.launcher.daemon.client.SingleUseDaemonClient.execute(Lorg/gradle/internal/invocation/BuildAction;Lorg/gradle/launcher/exec/BuildActionParameters;Lorg/gradle/initialization/BuildRequestContext;)Lorg/gradle/launcher/exec/BuildActionResult;+109
j  org.gradle.launcher.daemon.client.SingleUseDaemonClient.execute(Lorg/gradle/internal/invocation/BuildAction;Ljava/lang/Object;Ljava/lang/Object;)Lorg/gradle/launcher/exec/BuildActionResult;+10
j  org.gradle.launcher.cli.RunBuildAction.run()V+74
j  org.gradle.internal.Actions$RunnableActionAdapter.execute(Ljava/lang/Object;)V+4
j  org.gradle.launcher.cli.DefaultCommandLineActionFactory$ParseAndBuildAction.execute(Lorg/gradle/launcher/bootstrap/ExecutionListener;)V+60
j  org.gradle.launcher.cli.DefaultCommandLineActionFactory$ParseAndBuildAction.execute(Ljava/lang/Object;)V+5
j  org.gradle.launcher.cli.DebugLoggerWarningAction.execute(Lorg/gradle/launcher/bootstrap/ExecutionListener;)V+9
j  org.gradle.launcher.cli.DebugLoggerWarningAction.execute(Ljava/lang/Object;)V+5
j  org.gradle.launcher.cli.WelcomeMessageAction.execute(Lorg/gradle/launcher/bootstrap/ExecutionListener;)V+218
j  org.gradle.launcher.cli.WelcomeMessageAction.execute(Ljava/lang/Object;)V+5
j  org.gradle.launcher.cli.NativeServicesInitializingAction.execute(Lorg/gradle/launcher/bootstrap/ExecutionListener;)V+35
j  org.gradle.launcher.cli.NativeServicesInitializingAction.execute(Ljava/lang/Object;)V+5
j  org.gradle.launcher.cli.ExceptionReportingAction.execute(Lorg/gradle/launcher/bootstrap/ExecutionListener;)V+5
j  org.gradle.launcher.cli.ExceptionReportingAction.execute(Ljava/lang/Object;)V+5
j  org.gradle.launcher.cli.DefaultCommandLineActionFactory$WithLogging.execute(Lorg/gradle/launcher/bootstrap/ExecutionListener;)V+299
j  org.gradle.launcher.Main.doAction([Ljava/lang/String;Lorg/gradle/launcher/bootstrap/ExecutionListener;)V+14
j  org.gradle.launcher.bootstrap.EntryPoint.run([Ljava/lang/String;)V+12
v  ~StubRoutines::call_stub
j  jdk.internal.reflect.NativeMethodAccessorImpl.invoke0(Ljava/lang/reflect/Method;Ljava/lang/Object;[Ljava/lang/Object;)Ljava/lang/Object;+0 java.base@17.0.20
j  jdk.internal.reflect.NativeMethodAccessorImpl.invoke(Ljava/lang/Object;[Ljava/lang/Object;)Ljava/lang/Object;+133 java.base@17.0.20
j  jdk.internal.reflect.DelegatingMethodAccessorImpl.invoke(Ljava/lang/Object;[Ljava/lang/Object;)Ljava/lang/Object;+6 java.base@17.0.20
j  java.lang.reflect.Method.invoke(Ljava/lang/Object;[Ljava/lang/Object;)Ljava/lang/Object;+59 java.base@17.0.20
j  org.gradle.launcher.bootstrap.ProcessBootstrap.runNoExit(Ljava/lang/String;[Ljava/lang/String;)V+155
j  org.gradle.launcher.bootstrap.ProcessBootstrap.run(Ljava/lang/String;[Ljava/lang/String;)V+2
v  ~StubRoutines::call_stub
j  jdk.internal.reflect.NativeMethodAccessorImpl.invoke0(Ljava/lang/reflect/Method;Ljava/lang/Object;[Ljava/lang/Object;)Ljava/lang/Object;+0 java.base@17.0.20
j  jdk.internal.reflect.NativeMethodAccessorImpl.invoke(Ljava/lang/Object;[Ljava/lang/Object;)Ljava/lang/Object;+133 java.base@17.0.20
j  jdk.internal.reflect.DelegatingMethodAccessorImpl.invoke(Ljava/lang/Object;[Ljava/lang/Object;)Ljava/lang/Object;+6 java.base@17.0.20
j  java.lang.reflect.Method.invoke(Ljava/lang/Object;[Ljava/lang/Object;)Ljava/lang/Object;+59 java.base@17.0.20
j  org.gradle.launcher.GradleMain.main([Ljava/lang/String;)V+100
v  ~StubRoutines::call_stub
j  jdk.internal.reflect.NativeMethodAccessorImpl.invoke0(Ljava/lang/reflect/Method;Ljava/lang/Object;[Ljava/lang/Object;)Ljava/lang/Object;+0 java.base@17.0.20
j  jdk.internal.reflect.NativeMethodAccessorImpl.invoke(Ljava/lang/Object;[Ljava/lang/Object;)Ljava/lang/Object;+133 java.base@17.0.20
j  jdk.internal.reflect.DelegatingMethodAccessorImpl.invoke(Ljava/lang/Object;[Ljava/lang/Object;)Ljava/lang/Object;+6 java.base@17.0.20
j  java.lang.reflect.Method.invoke(Ljava/lang/Object;[Ljava/lang/Object;)Ljava/lang/Object;+59 java.base@17.0.20
j  org.gradle.wrapper.BootstrapMainStarter.start([Ljava/lang/String;Ljava/io/File;)V+105
j  org.gradle.wrapper.WrapperExecutor.execute([Ljava/lang/String;Lorg/gradle/wrapper/Install;Lorg/gradle/wrapper/BootstrapMainStarter;)V+14
j  org.gradle.wrapper.GradleWrapperMain.main([Ljava/lang/String;)V+206
v  ~StubRoutines::call_stub
invokestatic  184 invokestatic  [0x000001283867a560, 0x000001283867a840]  736 bytes
[MachCode]
  0x000001283867a560: 4883 ec08 | c5fa 1104 | 24eb 1f48 | 83ec 10c5 | fb11 0424 | eb14 4883 | ec10 4889 | 0424 48c7 
  0x000001283867a580: 4424 0800 | 0000 00eb | 0150 4c89 | 6dc0 410f | b755 0148 | 8b4d d0c1 | e202 8b5c | d120 c1eb 
  0x000001283867a5a0: 1081 e3ff | 0000 0081 | fbb8 0000 | 000f 84b6 | 0000 00bb | b800 0000 | e805 0000 | 00e9 9b00 
  0x000001283867a5c0: 0000 488b | d348 8d44 | 2408 4c89 | 6dc0 498b | cfc5 f877 | 4989 afa8 | 0200 0049 | 8987 9802 
  0x000001283867a5e0: 0000 4883 | ec20 f7c4 | 0f00 0000 | 0f84 1a00 | 0000 4883 | ec08 49ba | e080 2aab | f87f 0000 
  0x000001283867a600: 41ff d248 | 83c4 08e9 | 0d00 0000 | 49ba e080 | 2aab f87f | 0000 41ff | d248 83c4 | 2049 c787 
  0x000001283867a620: 9802 0000 | 0000 0000 | 49c7 87a8 | 0200 0000 | 0000 0049 | c787 a002 | 0000 0000 | 0000 c5f8 
  0x000001283867a640: 7749 817f | 0800 0000 | 000f 8405 | 0000 00e9 | ac68 feff | 4c8b 6dc0 | 4c8b 75c8 | c341 0fb7 
  0x000001283867a660: 5501 488b | 4dd0 c1e2 | 0248 8b5c | d128 488b | 5b08 488b | 5b08 488b | 5b18 80bb | 3301 0000 
  0x000001283867a680: 040f 840d | 0000 004c | 3bbb 3801 | 0000 0f85 | 1fff ffff | 488b 5cd1 | 288b 54d1 | 38c1 ea1c 
  0x000001283867a6a0: 49ba 3007 | adab f87f | 0000 498b | 14d2 5248 | 8b45 d848 | 85c0 0f84 | 1200 0000 | 4883 4008 
  0x000001283867a6c0: 0148 8358 | 0800 4883 | c010 4889 | 45d8 488b | 45d8 4885 | c00f 8457 | 0100 0080 | 78f0 0a0f 
  0x000001283867a6e0: 854d 0100 | 0048 83c0 | 084c 8b68 | f841 83ed | 0041 83fd | 020f 8c2c | 0100 004c | 8b6b 0845 
  0x000001283867a700: 0fb7 6d2c | 4c2b 2841 | 83ed 014e | 8b6c ec08 | 4d85 ed75 | 1248 f740 | 0801 0000 | 0075 61f0 
  0x000001283867a720: 4883 4808 | 01eb 5945 | 8b6d 0849 | ba00 0000 | 4328 0100 | 004d 03ea | 4d8b d54c | 3368 0849 
  0x000001283867a740: f7c5 fcff | ffff 7438 | 49f7 c502 | 0000 0075 | 2f48 8178 | 0800 0000 | 0074 2148 | 8178 0801 
  0x000001283867a760: 0000 0074 | 174d 8bea | 4c33 6808 | 49f7 c5fc | ffff ff74 | 0b48 8348 | 0802 eb04 | 4c89 6808 
  0x000001283867a780: 4883 c010 | 4c8b 68e8 | 4183 ed02 | 4183 fd02 | 0f8c 9100 | 0000 4c8b | 6b08 450f | b76d 2c4c 
  0x000001283867a7a0: 2b28 4183 | ed01 4e8b | 6cec 084d | 85ed 7512 | 48f7 4008 | 0100 0000 | 7561 f048 | 8348 0801 
  0x000001283867a7c0: eb59 458b | 6d08 49ba | 0000 0043 | 2801 0000 | 4d03 ea4d | 8bd5 4c33 | 6808 49f7 | c5fc ffff 
  0x000001283867a7e0: ff74 3849 | f7c5 0200 | 0000 752f | 4881 7808 | 0000 0000 | 7421 4881 | 7808 0100 | 0000 7417 
  0x000001283867a800: 4d8b ea4c | 3368 0849 | f7c5 fcff | ffff 740b | 4883 4808 | 02eb 044c | 8968 0848 | 83c0 104c 
  0x000001283867a820: 8b68 d841 | 83ed 0441 | c1e5 0349 | 03c5 4889 | 45d8 4c8d | 6c24 084c | 896d f0ff | 6350 6690 
[/MachCode]

---------------  P R O C E S S  ---------------

Threads class SMR info:
_java_thread_list=0x0000012888e65160, length=15, elements={
0x00000128295a8730, 0x0000012829645b60, 0x00000128296481b0, 0x0000012842792dd0,
0x000001282965d060, 0x000001282965d930, 0x000001282965e210, 0x00000128427a1ce0,
0x00000128427ad710, 0x00000128427b7c30, 0x00000128429f5260, 0x00000128429f1fc0,
0x00000128429f5770, 0x00000128429f24d0, 0x0000012888b252f0
}

Java Threads: ( => current thread )
=>0x00000128295a8730 JavaThread "main" [_thread_in_vm, id=15508, stack(0x0000001861800000,0x0000001861900000)]
  0x0000012829645b60 JavaThread "Reference Handler" daemon [_thread_blocked, id=16288, stack(0x0000001861f00000,0x0000001862000000)]
  0x00000128296481b0 JavaThread "Finalizer" daemon [_thread_blocked, id=5592, stack(0x0000001862000000,0x0000001862100000)]
  0x0000012842792dd0 JavaThread "Signal Dispatcher" daemon [_thread_blocked, id=17616, stack(0x0000001862100000,0x0000001862200000)]
  0x000001282965d060 JavaThread "Attach Listener" daemon [_thread_blocked, id=15872, stack(0x0000001862200000,0x0000001862300000)]
  0x000001282965d930 JavaThread "Service Thread" daemon [_thread_blocked, id=17620, stack(0x0000001862300000,0x0000001862400000)]
  0x000001282965e210 JavaThread "Monitor Deflation Thread" daemon [_thread_blocked, id=17216, stack(0x0000001862400000,0x0000001862500000)]
  0x00000128427a1ce0 JavaThread "C2 CompilerThread0" daemon [_thread_in_native, id=17684, stack(0x0000001862500000,0x0000001862600000)]
  0x00000128427ad710 JavaThread "C1 CompilerThread0" daemon [_thread_blocked, id=11428, stack(0x0000001862600000,0x0000001862700000)]
  0x00000128427b7c30 JavaThread "Sweeper thread" daemon [_thread_blocked, id=17712, stack(0x0000001862700000,0x0000001862800000)]
  0x00000128429f5260 JavaThread "Notification Thread" daemon [_thread_blocked, id=17740, stack(0x0000001862800000,0x0000001862900000)]
  0x00000128429f1fc0 JavaThread "Common-Cleaner" daemon [_thread_blocked, id=5680, stack(0x0000001862a00000,0x0000001862b00000)]
  0x00000128429f5770 JavaThread "pool-1-thread-1" [_thread_blocked, id=15844, stack(0x0000001862f00000,0x0000001863000000)]
  0x00000128429f24d0 JavaThread "DisconnectableInputStream source reader" daemon [_thread_in_native, id=16796, stack(0x0000001863000000,0x0000001863100000)]
  0x0000012888b252f0 JavaThread "C2 CompilerThread1" daemon [_thread_in_native, id=17208, stack(0x0000001863100000,0x0000001863200000)]

Other Threads:
  0x000001282963fba0 VMThread "VM Thread" [stack: 0x0000001861e00000,0x0000001861f00000] [id=7016]
  0x00000128429f5f80 WatcherThread [stack: 0x0000001862900000,0x0000001862a00000] [id=8628]
  0x00000128295c78b0 GCTaskThread "GC Thread#0" [stack: 0x0000001861900000,0x0000001861a00000] [id=9796]
  0x0000012842d370c0 GCTaskThread "GC Thread#1" [stack: 0x0000001862b00000,0x0000001862c00000] [id=904]
  0x0000012842d59be0 GCTaskThread "GC Thread#2" [stack: 0x0000001862c00000,0x0000001862d00000] [id=1156]
  0x0000012842c90b50 GCTaskThread "GC Thread#3" [stack: 0x0000001862d00000,0x0000001862e00000] [id=13156]
  0x00000128295c8f10 ConcurrentGCThread "G1 Main Marker" [stack: 0x0000001861a00000,0x0000001861b00000] [id=304]
  0x00000128295cb520 ConcurrentGCThread "G1 Conc#0" [stack: 0x0000001861b00000,0x0000001861c00000] [id=16572]
  0x00000128296219e0 ConcurrentGCThread "G1 Refine#0" [stack: 0x0000001861c00000,0x0000001861d00000] [id=17544]
  0x0000012829622320 ConcurrentGCThread "G1 Service" [stack: 0x0000001861d00000,0x0000001861e00000] [id=5240]

Threads with active compile tasks:
C2 CompilerThread0  24168 1647       4       org.gradle.internal.logging.text.AbstractLineChoppingStyledTextOutput$1::execute (140 bytes)
C2 CompilerThread1  24168 1646       4       org.gradle.internal.logging.text.AbstractLineChoppingStyledTextOutput$1::execute (9 bytes)

VM state: not at safepoint (normal execution)

VM Mutex/Monitor currently owned by a thread: None

Heap address: 0x00000000fc000000, size: 64 MB, Compressed Oops mode: 32-bit

CDS archive(s) mapped at: [0x0000012843000000-0x0000012843bb0000-0x0000012843bb0000), size 12255232, SharedBaseAddress: 0x0000012843000000, ArchiveRelocationMode: 1.
Compressed class space mapped at: 0x0000012844000000-0x0000012884000000, reserved size: 1073741824
Narrow klass base: 0x0000012843000000, Narrow klass shift: 0, Narrow klass range: 0x100000000

GC Precious Log:
 CPUs: 4 total, 4 available
 Memory: 7934M
 Large Page Support: Disabled
 NUMA Support: Disabled
 Compressed Oops: Enabled (32-bit)
 Heap Region Size: 1M
 Heap Min Capacity: 64M
 Heap Initial Capacity: 64M
 Heap Max Capacity: 64M
 Pre-touch: Disabled
 Parallel Workers: 4
 Concurrent Workers: 1
 Concurrent Refinement Workers: 4
 Periodic GC: Disabled

Heap:
 garbage-first heap   total 65536K, used 29502K [0x00000000fc000000, 0x0000000100000000)
  region size 1024K, 22 young (22528K), 3 survivors (3072K)
 Metaspace       used 10115K, committed 10304K, reserved 1114112K
  class space    used 1334K, committed 1408K, reserved 1048576K

Heap Regions: E=young(eden), S=young(survivor), O=old, HS=humongous(starts), HC=humongous(continues), CS=collection set, F=free, OA=open archive, CA=closed archive, TAMS=top-at-mark-start (previous, next)
|   0|0x00000000fc000000, 0x00000000fc100000, 0x00000000fc100000|100%| O|  |TAMS 0x00000000fc000000, 0x00000000fc000000| Untracked 
|   1|0x00000000fc100000, 0x00000000fc200000, 0x00000000fc200000|100%| O|  |TAMS 0x00000000fc100000, 0x00000000fc100000| Untracked 
|   2|0x00000000fc200000, 0x00000000fc300000, 0x00000000fc300000|100%|HS|  |TAMS 0x00000000fc200000, 0x00000000fc200000| Complete 
|   3|0x00000000fc300000, 0x00000000fc400000, 0x00000000fc400000|100%|HC|  |TAMS 0x00000000fc300000, 0x00000000fc300000| Complete 
|   4|0x00000000fc400000, 0x00000000fc500000, 0x00000000fc500000|100%|HC|  |TAMS 0x00000000fc400000, 0x00000000fc400000| Complete 
|   5|0x00000000fc500000, 0x00000000fc600000, 0x00000000fc600000|100%|HC|  |TAMS 0x00000000fc500000, 0x00000000fc500000| Complete 
|   6|0x00000000fc600000, 0x00000000fc700000, 0x00000000fc700000|100%| O|  |TAMS 0x00000000fc600000, 0x00000000fc600000| Untracked 
|   7|0x00000000fc700000, 0x00000000fc7cfa00, 0x00000000fc800000| 81%| O|  |TAMS 0x00000000fc700000, 0x00000000fc700000| Untracked 
|   8|0x00000000fc800000, 0x00000000fc800000, 0x00000000fc900000|  0%| F|  |TAMS 0x00000000fc800000, 0x00000000fc800000| Untracked 
|   9|0x00000000fc900000, 0x00000000fc900000, 0x00000000fca00000|  0%| F|  |TAMS 0x00000000fc900000, 0x00000000fc900000| Untracked 
|  10|0x00000000fca00000, 0x00000000fca00000, 0x00000000fcb00000|  0%| F|  |TAMS 0x00000000fca00000, 0x00000000fca00000| Untracked 
|  11|0x00000000fcb00000, 0x00000000fcb00000, 0x00000000fcc00000|  0%| F|  |TAMS 0x00000000fcb00000, 0x00000000fcb00000| Untracked 
|  12|0x00000000fcc00000, 0x00000000fcc00000, 0x00000000fcd00000|  0%| F|  |TAMS 0x00000000fcc00000, 0x00000000fcc00000| Untracked 
|  13|0x00000000fcd00000, 0x00000000fcd00000, 0x00000000fce00000|  0%| F|  |TAMS 0x00000000fcd00000, 0x00000000fcd00000| Untracked 
|  14|0x00000000fce00000, 0x00000000fce00000, 0x00000000fcf00000|  0%| F|  |TAMS 0x00000000fce00000, 0x00000000fce00000| Untracked 
|  15|0x00000000fcf00000, 0x00000000fcf00000, 0x00000000fd000000|  0%| F|  |TAMS 0x00000000fcf00000, 0x00000000fcf00000| Untracked 
|  16|0x00000000fd000000, 0x00000000fd000000, 0x00000000fd100000|  0%| F|  |TAMS 0x00000000fd000000, 0x00000000fd000000| Untracked 
|  17|0x00000000fd100000, 0x00000000fd100000, 0x00000000fd200000|  0%| F|  |TAMS 0x00000000fd100000, 0x00000000fd100000| Untracked 
|  18|0x00000000fd200000, 0x00000000fd200000, 0x00000000fd300000|  0%| F|  |TAMS 0x00000000fd200000, 0x00000000fd200000| Untracked 
|  19|0x00000000fd300000, 0x00000000fd300000, 0x00000000fd400000|  0%| F|  |TAMS 0x00000000fd300000, 0x00000000fd300000| Untracked 
|  20|0x00000000fd400000, 0x00000000fd400000, 0x00000000fd500000|  0%| F|  |TAMS 0x00000000fd400000, 0x00000000fd400000| Untracked 
|  21|0x00000000fd500000, 0x00000000fd500000, 0x00000000fd600000|  0%| F|  |TAMS 0x00000000fd500000, 0x00000000fd500000| Untracked 
|  22|0x00000000fd600000, 0x00000000fd600000, 0x00000000fd700000|  0%| F|  |TAMS 0x00000000fd600000, 0x00000000fd600000| Untracked 
|  23|0x00000000fd700000, 0x00000000fd700000, 0x00000000fd800000|  0%| F|  |TAMS 0x00000000fd700000, 0x00000000fd700000| Untracked 
|  24|0x00000000fd800000, 0x00000000fd800000, 0x00000000fd900000|  0%| F|  |TAMS 0x00000000fd800000, 0x00000000fd800000| Untracked 
|  25|0x00000000fd900000, 0x00000000fd900000, 0x00000000fda00000|  0%| F|  |TAMS 0x00000000fd900000, 0x00000000fd900000| Untracked 
|  26|0x00000000fda00000, 0x00000000fda00000, 0x00000000fdb00000|  0%| F|  |TAMS 0x00000000fda00000, 0x00000000fda00000| Untracked 
|  27|0x00000000fdb00000, 0x00000000fdb00000, 0x00000000fdc00000|  0%| F|  |TAMS 0x00000000fdb00000, 0x00000000fdb00000| Untracked 
|  28|0x00000000fdc00000, 0x00000000fdc00000, 0x00000000fdd00000|  0%| F|  |TAMS 0x00000000fdc00000, 0x00000000fdc00000| Untracked 
|  29|0x00000000fdd00000, 0x00000000fdd00000, 0x00000000fde00000|  0%| F|  |TAMS 0x00000000fdd00000, 0x00000000fdd00000| Untracked 
|  30|0x00000000fde00000, 0x00000000fde00000, 0x00000000fdf00000|  0%| F|  |TAMS 0x00000000fde00000, 0x00000000fde00000| Untracked 
|  31|0x00000000fdf00000, 0x00000000fdf00000, 0x00000000fe000000|  0%| F|  |TAMS 0x00000000fdf00000, 0x00000000fdf00000| Untracked 
|  32|0x00000000fe000000, 0x00000000fe000000, 0x00000000fe100000|  0%| F|  |TAMS 0x00000000fe000000, 0x00000000fe000000| Untracked 
|  33|0x00000000fe100000, 0x00000000fe100000, 0x00000000fe200000|  0%| F|  |TAMS 0x00000000fe100000, 0x00000000fe100000| Untracked 
|  34|0x00000000fe200000, 0x00000000fe200000, 0x00000000fe300000|  0%| F|  |TAMS 0x00000000fe200000, 0x00000000fe200000| Untracked 
|  35|0x00000000fe300000, 0x00000000fe300000, 0x00000000fe400000|  0%| F|  |TAMS 0x00000000fe300000, 0x00000000fe300000| Untracked 
|  36|0x00000000fe400000, 0x00000000fe400000, 0x00000000fe500000|  0%| F|  |TAMS 0x00000000fe400000, 0x00000000fe400000| Untracked 
|  37|0x00000000fe500000, 0x00000000fe500000, 0x00000000fe600000|  0%| F|  |TAMS 0x00000000fe500000, 0x00000000fe500000| Untracked 
|  38|0x00000000fe600000, 0x00000000fe600000, 0x00000000fe700000|  0%| F|  |TAMS 0x00000000fe600000, 0x00000000fe600000| Untracked 
|  39|0x00000000fe700000, 0x00000000fe700000, 0x00000000fe800000|  0%| F|  |TAMS 0x00000000fe700000, 0x00000000fe700000| Untracked 
|  40|0x00000000fe800000, 0x00000000fe800000, 0x00000000fe900000|  0%| F|  |TAMS 0x00000000fe800000, 0x00000000fe800000| Untracked 
|  41|0x00000000fe900000, 0x00000000fe900000, 0x00000000fea00000|  0%| F|  |TAMS 0x00000000fe900000, 0x00000000fe900000| Untracked 
|  42|0x00000000fea00000, 0x00000000feb00000, 0x00000000feb00000|100%| E|  |TAMS 0x00000000fea00000, 0x00000000fea00000| Complete 
|  43|0x00000000feb00000, 0x00000000fec00000, 0x00000000fec00000|100%| E|CS|TAMS 0x00000000feb00000, 0x00000000feb00000| Complete 
|  44|0x00000000fec00000, 0x00000000fed00000, 0x00000000fed00000|100%| S|CS|TAMS 0x00000000fec00000, 0x00000000fec00000| Complete 
|  45|0x00000000fed00000, 0x00000000fee00000, 0x00000000fee00000|100%| S|CS|TAMS 0x00000000fed00000, 0x00000000fed00000| Complete 
|  46|0x00000000fee00000, 0x00000000fef00000, 0x00000000fef00000|100%| S|CS|TAMS 0x00000000fee00000, 0x00000000fee00000| Complete 
|  47|0x00000000fef00000, 0x00000000ff000000, 0x00000000ff000000|100%| E|CS|TAMS 0x00000000fef00000, 0x00000000fef00000| Complete 
|  48|0x00000000ff000000, 0x00000000ff100000, 0x00000000ff100000|100%| E|CS|TAMS 0x00000000ff000000, 0x00000000ff000000| Complete 
|  49|0x00000000ff100000, 0x00000000ff200000, 0x00000000ff200000|100%| E|CS|TAMS 0x00000000ff100000, 0x00000000ff100000| Complete 
|  50|0x00000000ff200000, 0x00000000ff300000, 0x00000000ff300000|100%| E|CS|TAMS 0x00000000ff200000, 0x00000000ff200000| Complete 
|  51|0x00000000ff300000, 0x00000000ff400000, 0x00000000ff400000|100%| E|CS|TAMS 0x00000000ff300000, 0x00000000ff300000| Complete 
|  52|0x00000000ff400000, 0x00000000ff500000, 0x00000000ff500000|100%| E|CS|TAMS 0x00000000ff400000, 0x00000000ff400000| Complete 
|  53|0x00000000ff500000, 0x00000000ff600000, 0x00000000ff600000|100%| E|CS|TAMS 0x00000000ff500000, 0x00000000ff500000| Complete 
|  54|0x00000000ff600000, 0x00000000ff700000, 0x00000000ff700000|100%| E|CS|TAMS 0x00000000ff600000, 0x00000000ff600000| Complete 
|  55|0x00000000ff700000, 0x00000000ff800000, 0x00000000ff800000|100%| E|CS|TAMS 0x00000000ff700000, 0x00000000ff700000| Complete 
|  56|0x00000000ff800000, 0x00000000ff900000, 0x00000000ff900000|100%| E|CS|TAMS 0x00000000ff800000, 0x00000000ff800000| Complete 
|  57|0x00000000ff900000, 0x00000000ffa00000, 0x00000000ffa00000|100%| E|CS|TAMS 0x00000000ff900000, 0x00000000ff900000| Complete 
|  58|0x00000000ffa00000, 0x00000000ffb00000, 0x00000000ffb00000|100%| E|CS|TAMS 0x00000000ffa00000, 0x00000000ffa00000| Complete 
|  59|0x00000000ffb00000, 0x00000000ffc00000, 0x00000000ffc00000|100%| E|CS|TAMS 0x00000000ffb00000, 0x00000000ffb00000| Complete 
|  60|0x00000000ffc00000, 0x00000000ffd00000, 0x00000000ffd00000|100%| E|CS|TAMS 0x00000000ffc00000, 0x00000000ffc00000| Complete 
|  61|0x00000000ffd00000, 0x00000000ffe00000, 0x00000000ffe00000|100%| E|CS|TAMS 0x00000000ffd00000, 0x00000000ffd00000| Complete 
|  62|0x00000000ffe00000, 0x00000000fff00000, 0x00000000fff00000|100%| E|CS|TAMS 0x00000000ffe00000, 0x00000000ffe00000| Complete 
|  63|0x00000000fff00000, 0x0000000100000000, 0x0000000100000000|100%| E|CS|TAMS 0x00000000fff00000, 0x00000000fff00000| Complete 

Card table byte_map: [0x0000012827530000,0x0000012827550000] _byte_map_base: 0x0000012826d50000

Marking Bits (Prev, Next): (CMBitMap*) 0x00000128295c7de0, (CMBitMap*) 0x00000128295c7e20
 Prev Bits: [0x0000012829380000, 0x0000012829480000)
 Next Bits: [0x0000012840130000, 0x0000012840230000)

Polling page: 0x00000128274d0000

Metaspace:

Usage:
  Non-class:      8.58 MB used.
      Class:      1.30 MB used.
       Both:      9.88 MB used.

Virtual space:
  Non-class space:       64.00 MB reserved,       8.69 MB ( 14%) committed,  1 nodes.
      Class space:        1.00 GB reserved,       1.38 MB ( <1%) committed,  1 nodes.
             Both:        1.06 GB reserved,      10.06 MB ( <1%) committed. 

Chunk freelists:
   Non-Class:  7.37 MB
       Class:  14.51 MB
        Both:  21.89 MB

MaxMetaspaceSize: unlimited
CompressedClassSpaceSize: 1.00 GB
Initial GC threshold: 21.00 MB
Current GC threshold: 21.00 MB
CDS: on
MetaspaceReclaimPolicy: balanced
 - commit_granule_bytes: 65536.
 - commit_granule_words: 8192.
 - virtual_space_node_default_size: 8388608.
 - enlarge_chunks_in_place: 1.
 - new_chunks_are_fully_committed: 0.
 - uncommit_free_chunks: 1.
 - use_allocation_guard: 0.
 - handle_deallocations: 1.


Internal statistics:

num_allocs_failed_limit: 0.
num_arena_births: 94.
num_arena_deaths: 0.
num_vsnodes_births: 2.
num_vsnodes_deaths: 0.
num_space_committed: 161.
num_space_uncommitted: 0.
num_chunks_returned_to_freelist: 0.
num_chunks_taken_from_freelist: 352.
num_chunk_merges: 0.
num_chunk_splits: 242.
num_chunks_enlarged: 205.
num_inconsistent_stats: 0.

CodeHeap 'non-profiled nmethods': size=120000Kb used=716Kb max_used=716Kb free=119283Kb
 bounds [0x0000012838c00000, 0x0000012838e70000, 0x0000012840130000]
CodeHeap 'profiled nmethods': size=120000Kb used=3050Kb max_used=3050Kb free=116949Kb
 bounds [0x0000012831130000, 0x0000012831430000, 0x0000012838660000]
CodeHeap 'non-nmethods': size=5760Kb used=1195Kb max_used=1213Kb free=4564Kb
 bounds [0x0000012838660000, 0x00000128388d0000, 0x0000012838c00000]
 total_blobs=2125 nmethods=1644 adapters=394
 compilation: enabled
              stopped_count=0, restarted_count=0
 full_count=0

Compilation events (20 events):
Event: 22.004 Thread 0x00000128427ad710 1628       3       java.util.concurrent.ScheduledThreadPoolExecutor$ScheduledFutureTask::isPeriodic (15 bytes)
Event: 22.005 Thread 0x00000128427ad710 nmethod 1628 0x0000012831424e90 code [0x0000012831425020, 0x0000012831425198]
Event: 22.304 Thread 0x00000128427ad710 1629       3       java.util.LinkedHashMap::values (25 bytes)
Event: 22.304 Thread 0x00000128427ad710 nmethod 1629 0x0000012831425210 code [0x00000128314253c0, 0x0000012831425738]
Event: 22.494 Thread 0x00000128427ad710 1630       3       java.util.LinkedHashMap$LinkedValues::iterator (12 bytes)
Event: 22.495 Thread 0x00000128427ad710 nmethod 1630 0x0000012831425890 code [0x0000012831425a60, 0x0000012831425e18]
Event: 22.495 Thread 0x00000128427ad710 1631       3       java.util.LinkedHashMap$LinkedValueIterator::<init> (11 bytes)
Event: 22.495 Thread 0x00000128427ad710 nmethod 1631 0x0000012831425f90 code [0x0000012831426140, 0x0000012831426458]
Event: 23.296 Thread 0x00000128427ad710 1632       3       java.nio.CharBuffer::position (8 bytes)
Event: 23.296 Thread 0x00000128427ad710 nmethod 1632 0x0000012831426590 code [0x0000012831426740, 0x0000012831426888]
Event: 23.499 Thread 0x00000128427ad710 1633       3       org.gradle.internal.logging.console.Cursor::<init> (5 bytes)
Event: 23.499 Thread 0x00000128427ad710 nmethod 1633 0x0000012831426910 code [0x0000012831426ac0, 0x0000012831426c18]
Event: 24.088 Thread 0x00000128427ad710 1634       3       java.nio.CharBuffer::position (6 bytes)
Event: 24.089 Thread 0x00000128427ad710 nmethod 1634 0x0000012831426d10 code [0x0000012831426ec0, 0x0000012831427068]
Event: 24.089 Thread 0x00000128427ad710 1635       1       java.util.LinkedList::size (5 bytes)
Event: 24.089 Thread 0x00000128427ad710 nmethod 1635 0x0000012838cb1a10 code [0x0000012838cb1ba0, 0x0000012838cb1c78]
Event: 24.089 Thread 0x00000128427ad710 1636       3       java.nio.ByteBuffer::array (35 bytes)
Event: 24.089 Thread 0x00000128427ad710 nmethod 1636 0x0000012831427110 code [0x00000128314272e0, 0x0000012831427598]
Event: 24.090 Thread 0x00000128427a1ce0 1638       4       jdk.internal.org.objectweb.asm.Symbol::<init> (38 bytes)
Event: 24.095 Thread 0x00000128427ad710 1641       3       java.lang.InheritableThreadLocal::getMap (5 bytes)

GC Heap History (4 events):
Event: 0.326 GC heap before
{Heap before GC invocations=0 (full 0):
 garbage-first heap   total 65536K, used 12288K [0x00000000fc000000, 0x0000000100000000)
  region size 1024K, 13 young (13312K), 0 survivors (0K)
 Metaspace       used 1851K, committed 1984K, reserved 1114112K
  class space    used 170K, committed 192K, reserved 1048576K
}
Event: 0.329 GC heap after
{Heap after GC invocations=1 (full 0):
 garbage-first heap   total 65536K, used 3284K [0x00000000fc000000, 0x0000000100000000)
  region size 1024K, 2 young (2048K), 2 survivors (2048K)
 Metaspace       used 1851K, committed 1984K, reserved 1114112K
  class space    used 170K, committed 192K, reserved 1048576K
}
Event: 0.742 GC heap before
{Heap before GC invocations=1 (full 0):
 garbage-first heap   total 65536K, used 22740K [0x00000000fc000000, 0x0000000100000000)
  region size 1024K, 17 young (17408K), 2 survivors (2048K)
 Metaspace       used 5111K, committed 5312K, reserved 1114112K
  class space    used 678K, committed 768K, reserved 1048576K
}
Event: 0.745 GC heap after
{Heap after GC invocations=2 (full 0):
 garbage-first heap   total 65536K, used 11070K [0x00000000fc000000, 0x0000000100000000)
  region size 1024K, 3 young (3072K), 3 survivors (3072K)
 Metaspace       used 5111K, committed 5312K, reserved 1114112K
  class space    used 678K, committed 768K, reserved 1048576K
}

Dll operation events (13 events):
Event: 0.006 Loaded shared library C:\Program Files\Eclipse Adoptium\jdk-17.0.20.8-hotspot\bin\java.dll
Event: 0.020 Loaded shared library C:\Program Files\Eclipse Adoptium\jdk-17.0.20.8-hotspot\bin\jsvml.dll
Event: 0.042 Loaded shared library C:\Program Files\Eclipse Adoptium\jdk-17.0.20.8-hotspot\bin\net.dll
Event: 0.044 Loaded shared library C:\Program Files\Eclipse Adoptium\jdk-17.0.20.8-hotspot\bin\nio.dll
Event: 0.047 Loaded shared library C:\Program Files\Eclipse Adoptium\jdk-17.0.20.8-hotspot\bin\zip.dll
Event: 0.271 Loaded shared library C:\Program Files\Eclipse Adoptium\jdk-17.0.20.8-hotspot\bin\jimage.dll
Event: 0.355 Loaded shared library C:\Program Files\Eclipse Adoptium\jdk-17.0.20.8-hotspot\bin\verify.dll
Event: 0.653 Loaded shared library C:\Users\MAYUR\.gradle\native\c067742578af261105cb4f569cf0c3c89f3d7b1fecec35dd04571415982c5e48\windows-amd64\native-platform.dll
Event: 0.678 Loaded shared library C:\Users\MAYUR\.gradle\native\jansi\1.18\windows64\jansi.dll
Event: 0.811 Loaded shared library C:\Program Files\Eclipse Adoptium\jdk-17.0.20.8-hotspot\bin\management.dll
Event: 0.813 Loaded shared library C:\Program Files\Eclipse Adoptium\jdk-17.0.20.8-hotspot\bin\management_ext.dll
Event: 2.624 Loaded shared library C:\Program Files\Eclipse Adoptium\jdk-17.0.20.8-hotspot\bin\extnet.dll
Event: 2.676 Loaded shared library C:\Program Files\Eclipse Adoptium\jdk-17.0.20.8-hotspot\bin\sunmscapi.dll

Deoptimization events (20 events):
Event: 2.647 Thread 0x00000128295a8730 Uncommon trap: trap_request=0xffffffc6 fr.pc=0x0000012838c7a470 relative=0x0000000000001230
Event: 2.647 Thread 0x00000128295a8730 Uncommon trap: reason=bimorphic_or_optimized_type_check action=maybe_recompile pc=0x0000012838c7a470 method=java.util.HashMap.putVal(ILjava/lang/Object;Ljava/lang/Object;ZZ)Ljava/lang/Object; @ 203 c2
Event: 2.647 Thread 0x00000128295a8730 DEOPT PACKING pc=0x0000012838c7a470 sp=0x00000018618f9f10
Event: 2.647 Thread 0x00000128295a8730 DEOPT UNPACKING pc=0x00000128386ba1a3 sp=0x00000018618f9ea0 mode 2
Event: 2.647 Thread 0x00000128295a8730 Uncommon trap: trap_request=0xffffffc6 fr.pc=0x0000012838c7a470 relative=0x0000000000001230
Event: 2.647 Thread 0x00000128295a8730 Uncommon trap: reason=bimorphic_or_optimized_type_check action=maybe_recompile pc=0x0000012838c7a470 method=java.util.HashMap.putVal(ILjava/lang/Object;Ljava/lang/Object;ZZ)Ljava/lang/Object; @ 203 c2
Event: 2.647 Thread 0x00000128295a8730 DEOPT PACKING pc=0x0000012838c7a470 sp=0x00000018618f9f10
Event: 2.647 Thread 0x00000128295a8730 DEOPT UNPACKING pc=0x00000128386ba1a3 sp=0x00000018618f9ea0 mode 2
Event: 2.647 Thread 0x00000128295a8730 Uncommon trap: trap_request=0xffffffc6 fr.pc=0x0000012838c7a470 relative=0x0000000000001230
Event: 2.647 Thread 0x00000128295a8730 Uncommon trap: reason=bimorphic_or_optimized_type_check action=maybe_recompile pc=0x0000012838c7a470 method=java.util.HashMap.putVal(ILjava/lang/Object;Ljava/lang/Object;ZZ)Ljava/lang/Object; @ 203 c2
Event: 2.647 Thread 0x00000128295a8730 DEOPT PACKING pc=0x0000012838c7a470 sp=0x00000018618f9f10
Event: 2.647 Thread 0x00000128295a8730 DEOPT UNPACKING pc=0x00000128386ba1a3 sp=0x00000018618f9ea0 mode 2
Event: 2.649 Thread 0x00000128295a8730 Uncommon trap: trap_request=0xffffffc6 fr.pc=0x0000012838c7a470 relative=0x0000000000001230
Event: 2.649 Thread 0x00000128295a8730 Uncommon trap: reason=bimorphic_or_optimized_type_check action=maybe_recompile pc=0x0000012838c7a470 method=java.util.HashMap.putVal(ILjava/lang/Object;Ljava/lang/Object;ZZ)Ljava/lang/Object; @ 203 c2
Event: 2.649 Thread 0x00000128295a8730 DEOPT PACKING pc=0x0000012838c7a470 sp=0x00000018618f9f10
Event: 2.649 Thread 0x00000128295a8730 DEOPT UNPACKING pc=0x00000128386ba1a3 sp=0x00000018618f9ea0 mode 2
Event: 2.876 Thread 0x00000128295a8730 Uncommon trap: trap_request=0xffffff45 fr.pc=0x0000012838c496f8 relative=0x0000000000000418
Event: 2.876 Thread 0x00000128295a8730 Uncommon trap: reason=unstable_if action=reinterpret pc=0x0000012838c496f8 method=java.util.regex.Matcher.match(II)Z @ 76 c2
Event: 2.876 Thread 0x00000128295a8730 DEOPT PACKING pc=0x0000012838c496f8 sp=0x00000018618fbc40
Event: 2.876 Thread 0x00000128295a8730 DEOPT UNPACKING pc=0x00000128386ba1a3 sp=0x00000018618fbbf8 mode 2

Classes loaded (20 events):
Event: 5.170 Loading class jdk/internal/reflect/ByteVector done
Event: 5.170 Loading class jdk/internal/reflect/ByteVectorImpl done
Event: 5.170 Loading class jdk/internal/reflect/ClassFileAssembler
Event: 5.170 Loading class jdk/internal/reflect/ClassFileAssembler done
Event: 5.170 Loading class jdk/internal/reflect/UTF8
Event: 5.170 Loading class jdk/internal/reflect/UTF8 done
Event: 5.171 Loading class jdk/internal/reflect/Label
Event: 5.171 Loading class jdk/internal/reflect/Label done
Event: 5.171 Loading class jdk/internal/reflect/Label$PatchInfo
Event: 5.171 Loading class jdk/internal/reflect/Label$PatchInfo done
Event: 5.171 Loading class jdk/internal/reflect/MethodAccessorGenerator$1
Event: 5.171 Loading class jdk/internal/reflect/MethodAccessorGenerator$1 done
Event: 5.171 Loading class jdk/internal/reflect/ClassDefiner
Event: 5.171 Loading class jdk/internal/reflect/ClassDefiner done
Event: 5.171 Loading class jdk/internal/reflect/ClassDefiner$1
Event: 5.171 Loading class jdk/internal/reflect/ClassDefiner$1 done
Event: 6.203 Loading class java/util/ArrayList$ListItr
Event: 6.203 Loading class java/util/ArrayList$ListItr done
Event: 24.086 Loading class sun/net/ConnectionResetException
Event: 24.086 Loading class sun/net/ConnectionResetException done

Classes unloaded (0 events):
No events

Classes redefined (0 events):
No events

Internal exceptions (20 events):
Event: 0.626 Thread 0x00000128295a8730 Exception <a 'java/lang/NoSuchMethodError'{0x00000000ff551950}: 'java.lang.Object java.lang.invoke.DirectMethodHandle$Holder.invokeStatic(java.lang.Object, java.lang.Object, int)'> (0x00000000ff551950) 
thrown [s\src\hotspot\share\interpreter\linkResolver.cpp, line 759]
Event: 0.629 Thread 0x00000128295a8730 Exception <a 'java/lang/NoSuchMethodError'{0x00000000ff55d640}: 'void java.lang.invoke.DelegatingMethodHandle$Holder.delegate(java.lang.Object, java.lang.Object, int, java.lang.Object)'> (0x00000000ff55d640) 
thrown [s\src\hotspot\share\interpreter\linkResolver.cpp, line 759]
Event: 0.630 Thread 0x00000128295a8730 Exception <a 'java/lang/NoSuchMethodError'{0x00000000ff561788}: 'int java.lang.invoke.DirectMethodHandle$Holder.invokeSpecial(java.lang.Object, java.lang.Object, java.lang.Object)'> (0x00000000ff561788) 
thrown [s\src\hotspot\share\interpreter\linkResolver.cpp, line 759]
Event: 0.632 Thread 0x00000128295a8730 Exception <a 'java/lang/NoSuchMethodError'{0x00000000ff5748d0}: 'java.lang.Object java.lang.invoke.Invokers$Holder.invokeExact_MT(java.lang.Object, java.lang.Object, java.lang.Object, java.lang.Object)'> (0x00000000ff5748d0) 
thrown [s\src\hotspot\share\interpreter\linkResolver.cpp, line 759]
Event: 0.771 Thread 0x00000128295a8730 Exception <a 'java/lang/NoSuchMethodError'{0x00000000ffeab4a0}: 'void java.lang.invoke.DirectMethodHandle$Holder.invokeSpecial(java.lang.Object, java.lang.Object, java.lang.Object)'> (0x00000000ffeab4a0) 
thrown [s\src\hotspot\share\interpreter\linkResolver.cpp, line 759]
Event: 0.783 Thread 0x00000128295a8730 Implicit null exception at 0x0000012838c60a8c to 0x0000012838c60fd0
Event: 0.783 Thread 0x00000128295a8730 Implicit null exception at 0x0000012838c4348c to 0x0000012838c439d8
Event: 0.807 Thread 0x00000128295a8730 Exception <a 'java/lang/NoSuchMethodError'{0x00000000ffc78d68}: 'java.lang.Object java.lang.invoke.DirectMethodHandle$Holder.invokeStaticInit(java.lang.Object)'> (0x00000000ffc78d68) 
thrown [s\src\hotspot\share\interpreter\linkResolver.cpp, line 759]
Event: 0.839 Thread 0x00000128295a8730 Exception <a 'java/lang/NoSuchMethodError'{0x00000000ffb092a8}: 'java.lang.Object java.lang.invoke.DirectMethodHandle$Holder.invokeVirtual(java.lang.Object, java.lang.Object, java.lang.Object)'> (0x00000000ffb092a8) 
thrown [s\src\hotspot\share\interpreter\linkResolver.cpp, line 759]
Event: 0.903 Thread 0x00000128295a8730 Exception <a 'java/lang/NoSuchMethodError'{0x00000000ff702b18}: 'java.lang.Object java.lang.invoke.DirectMethodHandle$Holder.invokeStaticInit(java.lang.Object, int, int, int, int)'> (0x00000000ff702b18) 
thrown [s\src\hotspot\share\interpreter\linkResolver.cpp, line 759]
Event: 0.967 Thread 0x00000128295a8730 Exception <a 'java/lang/NoSuchMethodError'{0x00000000ff7df040}: 'java.lang.Object java.lang.invoke.DirectMethodHandle$Holder.invokeStaticInit(java.lang.Object, java.lang.Object, int, int, int, int)'> (0x00000000ff7df040) 
thrown [s\src\hotspot\share\interpreter\linkResolver.cpp, line 759]
Event: 1.077 Thread 0x00000128429f24d0 Exception <a 'java/lang/NoSuchMethodError'{0x00000000ff2e8a30}: 'void java.lang.invoke.DirectMethodHandle$Holder.invokeStatic(java.lang.Object, long)'> (0x00000000ff2e8a30) 
thrown [s\src\hotspot\share\interpreter\linkResolver.cpp, line 759]
Event: 1.078 Thread 0x00000128429f24d0 Exception <a 'java/lang/NoSuchMethodError'{0x00000000ff2ee388}: 'java.lang.Object java.lang.invoke.DirectMethodHandle$Holder.newInvokeSpecial(java.lang.Object, long)'> (0x00000000ff2ee388) 
thrown [s\src\hotspot\share\interpreter\linkResolver.cpp, line 759]
Event: 1.080 Thread 0x00000128429f24d0 Exception <a 'java/lang/NoSuchMethodError'{0x00000000ff2f8f20}: 'java.lang.Object java.lang.invoke.DirectMethodHandle$Holder.invokeStaticInit(java.lang.Object, java.lang.Object, long, java.lang.Object)'> (0x00000000ff2f8f20) 
thrown [s\src\hotspot\share\interpreter\linkResolver.cpp, line 759]
Event: 1.081 Thread 0x00000128429f24d0 Exception <a 'java/lang/NoSuchMethodError'{0x00000000ff2ff5a8}: 'java.lang.Object java.lang.invoke.DirectMethodHandle$Holder.newInvokeSpecial(java.lang.Object, java.lang.Object, long)'> (0x00000000ff2ff5a8) 
thrown [s\src\hotspot\share\interpreter\linkResolver.cpp, line 759]
Event: 1.081 Thread 0x00000128429f24d0 Exception <a 'java/lang/NoSuchMethodError'{0x00000000ff103b08}: 'java.lang.Object java.lang.invoke.Invokers$Holder.linkToTargetMethod(java.lang.Object, long, java.lang.Object)'> (0x00000000ff103b08) 
thrown [s\src\hotspot\share\interpreter\linkResolver.cpp, line 759]
Event: 2.625 Thread 0x00000128295a8730 Exception <a 'java/lang/NoSuchMethodError'{0x00000000ff2c4ad8}: 'void java.lang.invoke.DirectMethodHandle$Holder.invokeStatic(java.lang.Object, java.lang.Object, java.lang.Object)'> (0x00000000ff2c4ad8) 
thrown [s\src\hotspot\share\interpreter\linkResolver.cpp, line 759]
Event: 24.086 Thread 0x00000128295a8730 Exception <a 'sun/net/ConnectionResetException'{0x00000000febd4c50}: Connection reset> (0x00000000febd4c50) 
thrown [s\src\hotspot\share\prims\jni.cpp, line 535]
Event: 24.090 Thread 0x00000128295a8730 Exception <a 'java/lang/NoSuchMethodError'{0x00000000febfe668}: 'int java.lang.invoke.DirectMethodHandle$Holder.invokeVirtual(java.lang.Object, java.lang.Object)'> (0x00000000febfe668) 
thrown [s\src\hotspot\share\interpreter\linkResolver.cpp, line 759]
Event: 24.091 Thread 0x00000128429f3400 Exception <a 'java/io/IOException'{0x00000000feb70940}: Connection reset by peer> (0x00000000feb70940) 
thrown [s\src\hotspot\share\prims\jni.cpp, line 535]

VM Operations (20 events):
Event: 7.215 Executing VM operation: Cleanup
Event: 7.215 Executing VM operation: Cleanup done
Event: 8.216 Executing VM operation: Cleanup
Event: 8.216 Executing VM operation: Cleanup done
Event: 10.231 Executing VM operation: Cleanup
Event: 10.231 Executing VM operation: Cleanup done
Event: 12.249 Executing VM operation: Cleanup
Event: 12.250 Executing VM operation: Cleanup done
Event: 13.260 Executing VM operation: Cleanup
Event: 13.260 Executing VM operation: Cleanup done
Event: 14.269 Executing VM operation: Cleanup
Event: 14.269 Executing VM operation: Cleanup done
Event: 15.283 Executing VM operation: Cleanup
Event: 15.283 Executing VM operation: Cleanup done
Event: 16.290 Executing VM operation: Cleanup
Event: 16.290 Executing VM operation: Cleanup done
Event: 20.307 Executing VM operation: Cleanup
Event: 20.307 Executing VM operation: Cleanup done
Event: 21.310 Executing VM operation: Cleanup
Event: 21.310 Executing VM operation: Cleanup done

Memory protections (0 events):
No events

Nmethod flushes (0 events):
No events

Events (20 events):
Event: 0.028 Thread 0x00000128295a8730 Thread added: 0x000001282965e210
Event: 0.028 Thread 0x00000128295a8730 Thread added: 0x00000128427a1ce0
Event: 0.029 Thread 0x00000128295a8730 Thread added: 0x00000128427ad710
Event: 0.029 Thread 0x00000128295a8730 Thread added: 0x00000128427b7c30
Event: 0.038 Thread 0x00000128295a8730 Thread added: 0x00000128429f5260
Event: 0.039 Thread 0x00000128295a8730 Thread added: 0x00000128429f1fc0
Event: 0.567 Thread 0x00000128427ad710 Thread added: 0x0000012888a3e010
Event: 0.690 Thread 0x00000128295a8730 Thread added: 0x00000128429f5770
Event: 1.070 Thread 0x00000128295a8730 Thread added: 0x00000128429f24d0
Event: 1.083 Thread 0x00000128429f24d0 Thread added: 0x00000128429f29e0
Event: 1.084 Thread 0x00000128429f24d0 Thread added: 0x00000128429f2ef0
Event: 1.085 Thread 0x00000128429f29e0 Thread exited: 0x00000128429f29e0
Event: 1.302 Thread 0x0000012888a3e010 Thread exited: 0x0000012888a3e010
Event: 2.532 Thread 0x00000128429f24d0 Thread exited: 0x00000128429f24d0
Event: 2.532 Thread 0x00000128429f2ef0 Thread exited: 0x00000128429f2ef0
Event: 2.654 Thread 0x00000128427a1ce0 Thread added: 0x00000128885b9040
Event: 2.871 Thread 0x00000128885b9040 Thread exited: 0x00000128885b9040
Event: 2.905 Thread 0x00000128295a8730 Thread added: 0x00000128429f24d0
Event: 2.905 Thread 0x00000128295a8730 Thread added: 0x00000128429f3400
Event: 24.091 Thread 0x00000128429f3400 Thread exited: 0x00000128429f3400


Dynamic libraries:
0x00007ff6ad3b0000 - 0x00007ff6ad3be000 	C:\Program Files\Eclipse Adoptium\jdk-17.0.20.8-hotspot\bin\java.exe
0x00007ff96a7c0000 - 0x00007ff96aa26000 	C:\WINDOWS\SYSTEM32\ntdll.dll
0x00007ff9693d0000 - 0x00007ff969499000 	C:\WINDOWS\System32\KERNEL32.DLL
0x00007ff967c20000 - 0x00007ff96801f000 	C:\WINDOWS\System32\KERNELBASE.dll
0x00007ff968390000 - 0x00007ff9684dc000 	C:\WINDOWS\System32\ucrtbase.dll
0x00007ff902270000 - 0x00007ff902288000 	C:\Program Files\Eclipse Adoptium\jdk-17.0.20.8-hotspot\bin\jli.dll
0x00007ff903090000 - 0x00007ff9030ae000 	C:\Program Files\Eclipse Adoptium\jdk-17.0.20.8-hotspot\bin\VCRUNTIME140.dll
0x00007ff969600000 - 0x00007ff9697c6000 	C:\WINDOWS\System32\USER32.dll
0x00007ff954a00000 - 0x00007ff954c91000 	C:\WINDOWS\WinSxS\amd64_microsoft.windows.common-controls_6595b64144ccf1df_6.0.26100.8972_none_3e0da176e32f9d4b\COMCTL32.dll
0x00007ff9680e0000 - 0x00007ff968107000 	C:\WINDOWS\System32\win32u.dll
0x00007ff969b40000 - 0x00007ff969be9000 	C:\WINDOWS\System32\msvcrt.dll
0x00007ff968520000 - 0x00007ff96854b000 	C:\WINDOWS\System32\GDI32.dll
0x00007ff9681a0000 - 0x00007ff9682c9000 	C:\WINDOWS\System32\gdi32full.dll
0x00007ff968030000 - 0x00007ff9680d3000 	C:\WINDOWS\System32\msvcp_win.dll
0x00007ff969240000 - 0x00007ff969272000 	C:\WINDOWS\System32\IMM32.DLL
0x00007ff9538b0000 - 0x00007ff9538bc000 	C:\Program Files\Eclipse Adoptium\jdk-17.0.20.8-hotspot\bin\vcruntime140_1.dll
0x00007ff8ffea0000 - 0x00007ff8fff2d000 	C:\Program Files\Eclipse Adoptium\jdk-17.0.20.8-hotspot\bin\msvcp140.dll
0x00007ff8aaf20000 - 0x00007ff8abb8c000 	C:\Program Files\Eclipse Adoptium\jdk-17.0.20.8-hotspot\bin\server\jvm.dll
0x00007ff969dc0000 - 0x00007ff969e7c000 	C:\WINDOWS\System32\ADVAPI32.dll
0x00007ff9694a0000 - 0x00007ff96954a000 	C:\WINDOWS\System32\sechost.dll
0x00007ff969a20000 - 0x00007ff969b38000 	C:\WINDOWS\System32\RPCRT4.dll
0x00007ff9692c0000 - 0x00007ff969342000 	C:\WINDOWS\System32\WS2_32.dll
0x00007ff966e60000 - 0x00007ff966ebe000 	C:\WINDOWS\SYSTEM32\POWRPROF.dll
0x00007ff950f80000 - 0x00007ff950fb6000 	C:\WINDOWS\SYSTEM32\WINMM.dll
0x00007ff957e60000 - 0x00007ff957e6b000 	C:\WINDOWS\SYSTEM32\VERSION.dll
0x00007ff966df0000 - 0x00007ff966e05000 	C:\WINDOWS\SYSTEM32\UMPDC.dll
0x00007ff9666b0000 - 0x00007ff9666cb000 	C:\WINDOWS\SYSTEM32\kernel.appcore.dll
0x00007ff94c4d0000 - 0x00007ff94c4da000 	C:\Program Files\Eclipse Adoptium\jdk-17.0.20.8-hotspot\bin\jimage.dll
0x00007ff964e10000 - 0x00007ff965052000 	C:\WINDOWS\SYSTEM32\DBGHELP.DLL
0x00007ff968eb0000 - 0x00007ff969235000 	C:\WINDOWS\System32\combase.dll
0x00007ff968cd0000 - 0x00007ff968da9000 	C:\WINDOWS\System32\OLEAUT32.dll
0x00007ff945ae0000 - 0x00007ff945b1b000 	C:\WINDOWS\SYSTEM32\dbgcore.DLL
0x00007ff9682d0000 - 0x00007ff96837c000 	C:\WINDOWS\System32\bcryptPrimitives.dll
0x00007ff8ffe70000 - 0x00007ff8ffe95000 	C:\Program Files\Eclipse Adoptium\jdk-17.0.20.8-hotspot\bin\java.dll
0x00007ff8fcbc0000 - 0x00007ff8fcc97000 	C:\Program Files\Eclipse Adoptium\jdk-17.0.20.8-hotspot\bin\jsvml.dll
0x00007ff969f90000 - 0x00007ff96a718000 	C:\WINDOWS\System32\SHELL32.dll
0x00007ff965460000 - 0x00007ff965cfb000 	C:\WINDOWS\SYSTEM32\windows.storage.dll
0x00007ff969e90000 - 0x00007ff969f89000 	C:\WINDOWS\System32\SHCORE.dll
0x00007ff9699b0000 - 0x00007ff969a16000 	C:\WINDOWS\System32\shlwapi.dll
0x00007ff9678f0000 - 0x00007ff967919000 	C:\WINDOWS\SYSTEM32\profapi.dll
0x00007ff9021d0000 - 0x00007ff9021ea000 	C:\Program Files\Eclipse Adoptium\jdk-17.0.20.8-hotspot\bin\net.dll
0x00007ff95b560000 - 0x00007ff95b688000 	C:\WINDOWS\SYSTEM32\WINHTTP.dll
0x00007ff966ce0000 - 0x00007ff966d4c000 	C:\WINDOWS\system32\mswsock.dll
0x00007ff901020000 - 0x00007ff901036000 	C:\Program Files\Eclipse Adoptium\jdk-17.0.20.8-hotspot\bin\nio.dll
0x00007ff9009c0000 - 0x00007ff9009d8000 	C:\Program Files\Eclipse Adoptium\jdk-17.0.20.8-hotspot\bin\zip.dll
0x00007ff94be00000 - 0x00007ff94be10000 	C:\Program Files\Eclipse Adoptium\jdk-17.0.20.8-hotspot\bin\verify.dll
0x00007ff8ec940000 - 0x00007ff8ec967000 	C:\Users\MAYUR\.gradle\native\c067742578af261105cb4f569cf0c3c89f3d7b1fecec35dd04571415982c5e48\windows-amd64\native-platform.dll
0x00007ff94b2f0000 - 0x00007ff94b2fa000 	C:\Users\MAYUR\.gradle\native\jansi\1.18\windows64\jansi.dll
0x00007ff93bac0000 - 0x00007ff93baca000 	C:\Program Files\Eclipse Adoptium\jdk-17.0.20.8-hotspot\bin\management.dll
0x00007ff934100000 - 0x00007ff93410c000 	C:\Program Files\Eclipse Adoptium\jdk-17.0.20.8-hotspot\bin\management_ext.dll
0x00007ff969bf0000 - 0x00007ff969bf8000 	C:\WINDOWS\System32\PSAPI.DLL
0x00007ff967080000 - 0x00007ff96709b000 	C:\WINDOWS\SYSTEM32\CRYPTSP.dll
0x00007ff966610000 - 0x00007ff966649000 	C:\WINDOWS\system32\rsaenh.dll
0x00007ff966db0000 - 0x00007ff966de2000 	C:\WINDOWS\SYSTEM32\USERENV.dll
0x00007ff9678c0000 - 0x00007ff9678ea000 	C:\WINDOWS\SYSTEM32\bcrypt.dll
0x00007ff9670a0000 - 0x00007ff9670ac000 	C:\WINDOWS\SYSTEM32\CRYPTBASE.dll
0x00007ff966120000 - 0x00007ff966153000 	C:\WINDOWS\SYSTEM32\IPHLPAPI.DLL
0x00007ff969280000 - 0x00007ff96928a000 	C:\WINDOWS\System32\NSI.dll
0x00007ff95b6c0000 - 0x00007ff95b6dd000 	C:\WINDOWS\SYSTEM32\dhcpcsvc6.DLL
0x00007ff95b690000 - 0x00007ff95b6b5000 	C:\WINDOWS\SYSTEM32\dhcpcsvc.DLL
0x00007ff966200000 - 0x00007ff966358000 	C:\WINDOWS\SYSTEM32\DNSAPI.dll
0x00007ff966ac0000 - 0x00007ff966acd000 	C:\WINDOWS\SYSTEM32\DSPARSE.dll
0x00007ff9331f0000 - 0x00007ff9331f9000 	C:\Program Files\Eclipse Adoptium\jdk-17.0.20.8-hotspot\bin\extnet.dll
0x00007ff9285c0000 - 0x00007ff9285ce000 	C:\Program Files\Eclipse Adoptium\jdk-17.0.20.8-hotspot\bin\sunmscapi.dll
0x00007ff967a90000 - 0x00007ff967c0e000 	C:\WINDOWS\System32\CRYPT32.dll
0x00007ff9672c0000 - 0x00007ff9672f0000 	C:\WINDOWS\SYSTEM32\ncrypt.dll
0x00007ff967270000 - 0x00007ff9672af000 	C:\WINDOWS\SYSTEM32\NTASN1.dll
0x00007ff9544a0000 - 0x00007ff9544a8000 	C:\WINDOWS\system32\wshunix.dll

dbghelp: loaded successfully - version: 4.0.5 - missing functions: none
symbol engine: initialized successfully - sym options: 0x614 - pdb path: .;C:\Program Files\Eclipse Adoptium\jdk-17.0.20.8-hotspot\bin;C:\WINDOWS\SYSTEM32;C:\WINDOWS\WinSxS\amd64_microsoft.windows.common-controls_6595b64144ccf1df_6.0.26100.8972_none_3e0da176e32f9d4b;C:\Program Files\Eclipse Adoptium\jdk-17.0.20.8-hotspot\bin\server;C:\Users\MAYUR\.gradle\native\c067742578af261105cb4f569cf0c3c89f3d7b1fecec35dd04571415982c5e48\windows-amd64;C:\Users\MAYUR\.gradle\native\jansi\1.18\windows64

VM Arguments:
jvm_args: -Xmx64m -Xms64m -Dorg.gradle.appname=gradlew 
java_command: org.gradle.wrapper.GradleWrapperMain clean assembleDebug --rerun-tasks
java_class_path (initial): C:\Users\MAYUR\Downloads\SMR _S\apps\android\\gradle\wrapper\gradle-wrapper.jar
Launcher Type: SUN_STANDARD

[Global flags]
     intx CICompilerCount                          = 3                                         {product} {ergonomic}
     uint ConcGCThreads                            = 1                                         {product} {ergonomic}
     uint G1ConcRefinementThreads                  = 4                                         {product} {ergonomic}
   size_t G1HeapRegionSize                         = 1048576                                   {product} {ergonomic}
    uintx GCDrainStackTargetSize                   = 64                                        {product} {ergonomic}
   size_t InitialHeapSize                          = 67108864                                  {product} {command line}
   size_t MarkStackSize                            = 4194304                                   {product} {ergonomic}
   size_t MaxHeapSize                              = 67108864                                  {product} {command line}
   size_t MaxNewSize                               = 39845888                                  {product} {ergonomic}
   size_t MinHeapDeltaBytes                        = 1048576                                   {product} {ergonomic}
   size_t MinHeapSize                              = 67108864                                  {product} {command line}
    uintx NonNMethodCodeHeapSize                   = 5832780                                {pd product} {ergonomic}
    uintx NonProfiledCodeHeapSize                  = 122912730                              {pd product} {ergonomic}
    uintx ProfiledCodeHeapSize                     = 122912730                              {pd product} {ergonomic}
    uintx ReservedCodeCacheSize                    = 251658240                              {pd product} {ergonomic}
     bool SegmentedCodeCache                       = true                                      {product} {ergonomic}
   size_t SoftMaxHeapSize                          = 67108864                               {manageable} {ergonomic}
     bool UseCompressedClassPointers               = true                           {product lp64_product} {ergonomic}
     bool UseCompressedOops                        = true                           {product lp64_product} {ergonomic}
     bool UseG1GC                                  = true                                      {product} {ergonomic}
     bool UseLargePagesIndividualAllocation        = false                                  {pd product} {ergonomic}

Logging:
Log output configuration:
 #0: stdout all=warning uptime,level,tags
 #1: stderr all=off uptime,level,tags

Environment Variables:
CLASSPATH=C:\Users\MAYUR\Downloads\SMR _S\apps\android\\gradle\wrapper\gradle-wrapper.jar
PATH=C:\Program Files\Eclipse Adoptium\jdk-17.0.20.8-hotspot\bin;C:\WINDOWS\system32;C:\WINDOWS;C:\WINDOWS\System32\Wbem;C:\WINDOWS\System32\WindowsPowerShell\v1.0\;C:\WINDOWS\System32\OpenSSH\;C:\Program Files\Microsoft SQL Server\170\Tools\Binn\;C:\Program Files\nodejs\;C:\Program Files\Git\cmd;C:\Program Files\GitHub CLI\;C:\Users\MAYUR\.cargo\bin;C:\Users\MAYUR\AppData\Local\Programs\Python\Launcher\;C:\Users\MAYUR\AppData\Local\Microsoft\WindowsApps;C:\Users\MAYUR\AppData\Local\GitHubDesktop\bin;C:\Users\MAYUR\AppData\Local\Programs\Microsoft VS Code\bin;C:\Users\MAYUR\AppData\Roaming\npm;C:\Users\MAYUR\AppData\Local\Programs\Kiro\bin
USERNAME=MAYUR
OS=Windows_NT
PROCESSOR_IDENTIFIER=Intel64 Family 6 Model 140 Stepping 2, GenuineIntel
TMP=C:\Users\MAYUR\AppData\Local\Temp
TEMP=C:\Users\MAYUR\AppData\Local\Temp



Periodic native trim disabled


---------------  S Y S T E M  ---------------

OS:
 Windows 11 , 64 bit Build 26100 (10.0.26100.9168)
OS uptime: 0 days 1:57 hours
Hyper-V role detected

CPU: total 4 (initial active 4) (2 cores per cpu, 2 threads per core) family 6 model 140 stepping 2 microcode 0x16, cx8, cmov, fxsr, ht, mmx, 3dnowpref, sse, sse2, sse3, ssse3, sse4.1, sse4.2, popcnt, lzcnt, tsc, tscinvbit, avx, avx2, aes, erms, clmul, bmi1, bmi2, adx, avx512f, avx512dq, avx512cd, avx512bw, avx512vl, sha, fma, vzeroupper, avx512_vpopcntdq, avx512_vpclmulqdq, avx512_vaes, avx512_vnni, clflush, clflushopt, clwb, avx512_vbmi2, avx512_vbmi, hv
Processor Information for all 4 processors :
  Max Mhz: 2995, Current Mhz: 2995, Mhz Limit: 2995

Memory: 4k page, system-wide physical 7934M (1477M free)
TotalPageFile size 13934M (AvailPageFile size 763M)
current process WorkingSet (physical memory assigned to process): 90M, peak: 96M
current process commit charge ("private bytes"): 156M, peak: 163M

vm_info: OpenJDK 64-Bit Server VM (17.0.20+8) for windows-amd64 JRE (17.0.20+8), built on Jul 22 2026 00:41:45 by "admin" with MS VC++ 17.12 (VS2022)

END.
